app/preview/[appId]/page.tsx(8,25): error TS2307: Cannot find module '@/app/design/picker' or its corresponding type declarations.
app/preview/[appId]/page.tsx(9,22): error TS2307: Cannot find module '@/app/withAuth' or its corresponding type declarations.
